// Vitest Snapshot v1, https://vitest.dev/guide/snapshot.html

exports[`MembersRoleSection > should render all members accordingly 1`] = `
"<ul class="oc-list">
  <li class="oc-flex oc-flex-middle oc-mb-s" data-testid="space-members-list">
    <oc-avatar-stub accessiblelabel="" src="" username="einstein" width="36" class="oc-mr-s"></oc-avatar-stub> einstein
  </li>
  <li class="oc-flex oc-flex-middle oc-mb-s" data-testid="space-members-list">
    <oc-avatar-item-stub icon="group" name="group" accessiblelabel="" background="var(--oc-color-swatch-passive-default)" iconcolor="var(--oc-color-text-inverse)" iconfilltype="fill" iconsize="medium" width="36" class="oc-mr-s"></oc-avatar-item-stub> physic-lovers
  </li>
</ul>"
`;
