// Jest Snapshot v1, https://goo.gl/fbAQLP

exports[`LoginModal renders the input including two options 1`] = `
<oc-select-stub clearable="false" disabled="false" filter="[Function]" fixmessageline="false" getoptionlabel="[Function]" id="oc-select-1" label="Login" loading="false" multiple="false" optionlabel="label" options="[object Object],[object Object]" placeholder="Select..." readonly="false" searchable="true" warningmessage=""></oc-select-stub>

<div class="oc-flex oc-flex-right oc-flex-middle oc-mt-m">
  <oc-button-stub appearance="outline" class="oc-modal-body-actions-cancel oc-ml-s" disabled="false" gapsize="medium" justifycontent="center" showspinner="false" size="medium" submit="button" type="button" variation="passive"></oc-button-stub>
  <oc-button-stub appearance="filled" class="oc-modal-body-actions-confirm oc-ml-s" disabled="true" gapsize="medium" justifycontent="center" showspinner="false" size="medium" submit="button" type="button" variation="primary"></oc-button-stub>
</div>
`;
