// Vitest Snapshot v1, https://vitest.dev/guide/snapshot.html

exports[`SharesNavigation component > renders a shares navigation for both mobile and a desktop viewports 1`] = `
"<nav data-v-2b99774a="" id="shares-navigation" class="oc-py-s" aria-label="Shares pages navigation">
  <oc-list-stub data-v-2b99774a="" raw="false" class="oc-flex oc-visible@s">
    <li data-v-2b99774a="">
      <oc-button-stub data-v-2b99774a="" to="/files/shares/with-me/" appearance="raw" disabled="false" gapsize="medium" justifycontent="center" showspinner="false" size="medium" submit="button" type="router-link" variation="passive" class="oc-mr-m oc-py-s shares-nav-desktop">
        <oc-icon-stub data-v-2b99774a="" accessiblelabel="" color="" filltype="fill" name="share-forward" size="small" type="span" variation="passive"></oc-icon-stub> <span data-v-2b99774a="">Shared with me</span>
      </oc-button-stub>
    </li>
    <li data-v-2b99774a="">
      <oc-button-stub data-v-2b99774a="" to="/files/shares/with-others/" appearance="raw" disabled="false" gapsize="medium" justifycontent="center" showspinner="false" size="medium" submit="button" type="router-link" variation="passive" class="oc-mr-m oc-py-s shares-nav-desktop">
        <oc-icon-stub data-v-2b99774a="" accessiblelabel="" color="" filltype="fill" name="reply" size="small" type="span" variation="passive"></oc-icon-stub> <span data-v-2b99774a="">Shared with others</span>
      </oc-button-stub>
    </li>
    <li data-v-2b99774a="">
      <oc-button-stub data-v-2b99774a="" to="/files/shares/via-link/" appearance="raw" disabled="false" gapsize="medium" justifycontent="center" showspinner="false" size="medium" submit="button" type="router-link" variation="passive" class="oc-mr-m oc-py-s shares-nav-desktop">
        <oc-icon-stub data-v-2b99774a="" accessiblelabel="" color="" filltype="fill" name="link" size="small" type="span" variation="passive"></oc-icon-stub> <span data-v-2b99774a="">Shared via link</span>
      </oc-button-stub>
    </li>
  </oc-list-stub>
  <div data-v-2b99774a="" id="shares-navigation-mobile" class="oc-hidden@s">
    <oc-button-stub data-v-2b99774a="" appearance="raw" disabled="false" gapsize="medium" justifycontent="center" showspinner="false" size="medium" submit="button" type="button" variation="passive" id="shares_navigation_mobile"><span data-v-2b99774a="">Shared with me</span>
      <oc-icon-stub data-v-2b99774a="" accessiblelabel="" color="" filltype="line" name="arrow-down-s" size="small" type="span" variation="passive"></oc-icon-stub>
    </oc-button-stub>
    <oc-drop-stub data-v-2b99774a="" closeonclick="true" dropid="oc-drop-1" isnested="false" mode="click" paddingsize="small" popperoptions="[object Object]" position="bottom-start" toggle="#shares_navigation_mobile">
      <oc-list-stub data-v-2b99774a="" raw="false">
        <li data-v-2b99774a="">
          <oc-button-stub data-v-2b99774a="" to="/files/shares/with-me/" appearance="raw" disabled="false" gapsize="medium" justifycontent="center" showspinner="false" size="medium" submit="button" type="router-link" variation="passive" class="shares-nav-mobile oc-background-highlight"><span data-v-2b99774a="" class="icon-box icon-box-active"><oc-icon-stub data-v-2b99774a="" accessiblelabel="" color="" filltype="fill" name="share-forward" size="medium" type="span" variation="passive"></oc-icon-stub></span> <span data-v-2b99774a="">Shared with me</span></oc-button-stub>
        </li>
        <li data-v-2b99774a="">
          <oc-button-stub data-v-2b99774a="" to="/files/shares/with-others/" appearance="raw" disabled="false" gapsize="medium" justifycontent="center" showspinner="false" size="medium" submit="button" type="router-link" variation="passive" class="shares-nav-mobile"><span data-v-2b99774a="" class="icon-box"><oc-icon-stub data-v-2b99774a="" accessiblelabel="" color="" filltype="fill" name="reply" size="medium" type="span" variation="passive"></oc-icon-stub></span> <span data-v-2b99774a="">Shared with others</span></oc-button-stub>
        </li>
        <li data-v-2b99774a="">
          <oc-button-stub data-v-2b99774a="" to="/files/shares/via-link/" appearance="raw" disabled="false" gapsize="medium" justifycontent="center" showspinner="false" size="medium" submit="button" type="router-link" variation="passive" class="shares-nav-mobile"><span data-v-2b99774a="" class="icon-box"><oc-icon-stub data-v-2b99774a="" accessiblelabel="" color="" filltype="fill" name="link" size="medium" type="span" variation="passive"></oc-icon-stub></span> <span data-v-2b99774a="">Shared via link</span></oc-button-stub>
        </li>
      </oc-list-stub>
    </oc-drop-stub>
  </div>
</nav>"
`;
